// Jest Snapshot v1, https://goo.gl/fbAQLP

exports[`Rendering renders correctly with no props 1`] = `ShallowWrapper {}`;
